// Jest Snapshot v1, https://goo.gl/fbAQLP

exports[`should take a click and generate a seed (eventually a wallet address) 1`] = `
<button
  class="MuiButton-root MuiButton-contained MuiButton-containedPrimary MuiButton-sizeMedium MuiButton-containedSizeMedium MuiButtonBase-root  css-sghohy-MuiButtonBase-root-MuiButton-root"
  tabindex="0"
  type="button"
>
  New Wallet
  <span
    class="MuiTouchRipple-root css-8je8zh-MuiTouchRipple-root"
  />
</button>
`;
